// Jest Snapshot v1, https://goo.gl/fbAQLP

exports[`show match snapshot 1`] = `
<button
  data-testid="button"
  onClick={[MockFunction]}
>
  hello x
</button>
`;
